Info: Starting: Create simulation model
Info: qsys-generate D:\Users\Joyce\Documents\ECE295\empty_de10_lite_project\empty_de10_lite_project\order27_lpf_80dBattentuation\test.qsys --simulation=VERILOG --allow-mixed-language-simulation --output-directory=D:\Users\Joyce\Documents\ECE295\SubBFiles\lpf_4000\simulation --family="MAX 10" --part=10M50DAF484C6GES
Progress: Loading order27_lpf_80dBattentuation/test.qsys
Progress: Reading input file
Progress: Adding fir_compiler_ii_0 [altera_fir_compiler_ii 18.1]
Progress: Parameterizing module fir_compiler_ii_0
Progress: Building connections
Progress: Parameterizing connections
Progress: Validating
Progress: Done reading input file
Info: test.fir_compiler_ii_0: PhysChanIn 1, PhysChanOut 1, ChansPerPhyIn 1, ChansPerPhyOut 1, OutputFullBitWidth 46, Bankcount 1, CoefBitWidth 16
Info: test: Generating test "test" for SIM_VERILOG
Info: fir_compiler_ii_0: PhysChanIn 1, PhysChanOut 1, ChansPerPhyIn 1, ChansPerPhyOut 1, OutputFullBitWidth 46, Bankcount 1, Latency 17, CoefBitWidth 16
Info: fir_compiler_ii_0: "test" instantiated altera_fir_compiler_ii "fir_compiler_ii_0"
Info: test: Done "test" with 2 modules, 21 files
Info: qsys-generate succeeded.
Info: Finished: Create simulation model
Info: Starting: Create Modelsim Project.
Info: sim-script-gen --spd=D:\Users\Joyce\Documents\ECE295\SubBFiles\lpf_4000\test.spd --output-directory=D:/Users/Joyce/Documents/ECE295/SubBFiles/lpf_4000/simulation/ --use-relative-paths=true
Info: Doing: ip-make-simscript --spd=D:\Users\Joyce\Documents\ECE295\SubBFiles\lpf_4000\test.spd --output-directory=D:/Users/Joyce/Documents/ECE295/SubBFiles/lpf_4000/simulation/ --use-relative-paths=true
Info: Generating the following file(s) for MODELSIM simulator in D:/Users/Joyce/Documents/ECE295/SubBFiles/lpf_4000/simulation/ directory:
Info: 	mentor/msim_setup.tcl
Info: Skipping VCS script generation since VHDL file $QUARTUS_INSTALL_DIR/eda/sim_lib/altera_syn_attributes.vhd is required for simulation
Info: Generating the following file(s) for VCSMX simulator in D:/Users/Joyce/Documents/ECE295/SubBFiles/lpf_4000/simulation/ directory:
Info: 	synopsys/vcsmx/synopsys_sim.setup
Info: 	synopsys/vcsmx/vcsmx_setup.sh
Info: Generating the following file(s) for NCSIM simulator in D:/Users/Joyce/Documents/ECE295/SubBFiles/lpf_4000/simulation/ directory:
Info: 	cadence/cds.lib
Info: 	cadence/hdl.var
Info: 	cadence/ncsim_setup.sh
Info: 	1 .cds.lib files in cadence/cds_libs/ directory
Info: Generating the following file(s) for RIVIERA simulator in D:/Users/Joyce/Documents/ECE295/SubBFiles/lpf_4000/simulation/ directory:
Info: 	aldec/rivierapro_setup.tcl
Info: For information on how to simulate your IP, see the explanatory comments in the simulator-specific subdirectories under D:/Users/Joyce/Documents/ECE295/SubBFiles/lpf_4000/simulation/.
Info: Regenerate these scripts whenever you make any change to any Quartus-generated IP in your project.
Info: Finished: Create Modelsim Project.
Info: Starting: Create block symbol file (.bsf)
Info: qsys-generate D:\Users\Joyce\Documents\ECE295\empty_de10_lite_project\empty_de10_lite_project\order27_lpf_80dBattentuation\test.qsys --block-symbol-file --output-directory=D:\Users\Joyce\Documents\ECE295\SubBFiles\lpf_4000 --family="MAX 10" --part=10M50DAF484C6GES
Progress: Loading order27_lpf_80dBattentuation/test.qsys
Progress: Reading input file
Progress: Adding fir_compiler_ii_0 [altera_fir_compiler_ii 18.1]
Progress: Parameterizing module fir_compiler_ii_0
Progress: Building connections
Progress: Parameterizing connections
Progress: Validating
Progress: Done reading input file
Info: test.fir_compiler_ii_0: PhysChanIn 1, PhysChanOut 1, ChansPerPhyIn 1, ChansPerPhyOut 1, OutputFullBitWidth 46, Bankcount 1, CoefBitWidth 16
Info: qsys-generate succeeded.
Info: Finished: Create block symbol file (.bsf)
Info: 
Info: Starting: Create HDL design files for synthesis
Info: qsys-generate D:\Users\Joyce\Documents\ECE295\empty_de10_lite_project\empty_de10_lite_project\order27_lpf_80dBattentuation\test.qsys --synthesis=VERILOG --output-directory=D:\Users\Joyce\Documents\ECE295\SubBFiles\lpf_4000\synthesis --family="MAX 10" --part=10M50DAF484C6GES
Progress: Loading order27_lpf_80dBattentuation/test.qsys
Progress: Reading input file
Progress: Adding fir_compiler_ii_0 [altera_fir_compiler_ii 18.1]
Progress: Parameterizing module fir_compiler_ii_0
Progress: Building connections
Progress: Parameterizing connections
Progress: Validating
Progress: Done reading input file
Info: test.fir_compiler_ii_0: PhysChanIn 1, PhysChanOut 1, ChansPerPhyIn 1, ChansPerPhyOut 1, OutputFullBitWidth 46, Bankcount 1, CoefBitWidth 16
Info: test: Generating test "test" for QUARTUS_SYNTH
Info: fir_compiler_ii_0: PhysChanIn 1, PhysChanOut 1, ChansPerPhyIn 1, ChansPerPhyOut 1, OutputFullBitWidth 46, Bankcount 1, Latency 17, CoefBitWidth 16
Info: fir_compiler_ii_0: "test" instantiated altera_fir_compiler_ii "fir_compiler_ii_0"
Info: test: Done "test" with 2 modules, 13 files
Info: qsys-generate succeeded.
Info: Finished: Create HDL design files for synthesis
